// Jest Snapshot v1, https://goo.gl/fbAQLP

exports[`Grid : Grid should render as expected in its default state 1`] = `
<Grid
  className=""
>
  <p>
    Hello World
  </p>
</Grid>
`;

exports[`Grid : Grid should render as expected in its default state 2`] = `"<div class=\\" css-1mqhhea-gridStyles\\"><p>Hello World</p></div>"`;
